node.exe : ÔÜá Warning: Next.js inferred your works
pace root, but it may not be correct.
At line:1 char:1
+ & "C:\Program Files\nodejs/node.exe" "C:\Program 
Files\nodejs/node_mo ...
+ ~~~~~~~~~~~~~~~~~~~~~~~~~~~~~~~~~~~~~~~~~~~~~~~~~
~~~~~~~~~~~~~~~~~~~~
    + CategoryInfo          : NotSpecified: (ÔÜá W 
   arning: Ne...not be correct.:String) [], Remot  
  eException
    + FullyQualifiedErrorId : NativeCommandError
 
 We detected multiple lockfiles and selected the di
rectory of C:\Users\yunse\package-lock.json as the 
root directory.
 To silence this warning, set `turbopack.root` in y
our Next.js config, or consider removing one of the
 lockfiles if it's not needed.
   See https://nextjs.org/docs/app/api-reference/co
nfig/next-config-js/turbopack#root-directory for mo
re information.
 Detected additional lockfiles: 
   * C:\Users\yunse\Downloads\PisaYDP-main\package-
lock.json

Ôû▓ Next.js 16.1.4 (Turbopack)
- Environments: .env
- Experiments (use with caution):
  ┬À serverActions

  Creating an optimized production build ...

> Build error occurred
Error: Turbopack build failed with 1 errors:
./Downloads/PisaYDP-main/src/app/globals.css
Error evaluating Node.js code
CssSyntaxError: C:\Users\yunse\Downloads\PisaYDP-ma
in\src\app\globals.css:84:3: The `bg-[rgba(244,` cl
ass does not exist. If `bg-[rgba(244,` is a custom 
class, make sure it is defined within a `@layer` di
rective.
    at Input.error (Downloads/PisaYDP-main/node_mod
ules/postcss/lib/input.js:135:16) [C:\Users\yunse\D
ownloads\PisaYDP-main\.next\build\chunks\5d8b2_b03d
80f6._.js:4651:22]
    at AtRule.error (Downloads/PisaYDP-main/node_mo
dules/postcss/lib/node.js:146:32) [C:\Users\yunse\D
ownloads\PisaYDP-main\.next\build\chunks\5d8b2_b03d
80f6._.js:928:38]
    [at processApply (C:\Users\yunse\Downloads\Pisa
YDP-main\node_modules\tailwindcss\lib\lib\expandApp
lyAtRules.js:380:29)]
    [at C:\Users\yunse\Downloads\PisaYDP-main\node_
modules\tailwindcss\lib\lib\expandApplyAtRules.js:5
38:9]
    [at C:\Users\yunse\Downloads\PisaYDP-main\node_
modules\tailwindcss\lib\processTailwindFeatures.js:
57:50]
    [at async plugins (C:\Users\yunse\Downloads\Pis
aYDP-main\node_modules\tailwindcss\lib\plugin.js:38
:17)]
    at async LazyResult.runAsync (Downloads/PisaYDP
-main/node_modules/postcss/lib/lazy-result.js:293:1
1) [C:\Users\yunse\Downloads\PisaYDP-main\.next\bui
ld\chunks\5d8b2_b03d80f6._.js:6206:21]
    at async transform (turbopack:///[turbopack-nod
e]/transforms/postcss.ts:70:34) [C:\Users\yunse\Dow
nloads\PisaYDP-main\.next\build\chunks\[root-of-the
-server]__1c931aca._.js:147:36]
    at async run (turbopack:///[turbopack-node]/ipc
/evaluate.ts:92:23) [C:\Users\yunse\Downloads\PisaY
DP-main\.next\build\chunks\[root-of-the-server]__ec
ffbcb3._.js:443:31]

Import trace:
  Client Component Browser:
    ./Downloads/PisaYDP-main/src/app/globals.css [C
lient Component Browser]
    ./Downloads/PisaYDP-main/src/app/layout.tsx [Se
rver Component]


    at async transform (turbopack:///[turbopack-nod
e]/transforms/postcss.ts:70:34) [C:\Users\yunse\Dow
nloads\PisaYDP-main\.next\build\chunks\[root-of-the
-server]__1c931aca._.js:147:36])
    at async run (turbopack:///[turbopack-node]/ipc
/evaluate.ts:92:23) [C:\Users\yunse\Downloads\PisaY
DP-main\.next\build\chunks\[root-of-the-server]__ec
ffbcb3._.js:443:31])
