scripts/test-ticket.ts(22,13): error TS2741: Property 'device' is missing in type '{ browser: string; os: string; }' but required in type 'DeviceInfo'.
src/app/(dashboard)/admin/mentors/[id]/page.tsx(9,27): error TS2339: Property 'role' does not exist on type 'Promise<User | null>'.
src/app/(dashboard)/admin/mentors/[id]/page.tsx(28,49): error TS2339: Property 'filter' does not exist on type 'Promise<MentorAssignment[]>'.
src/app/(dashboard)/admin/mentors/[id]/page.tsx(28,56): error TS7006: Parameter 'a' implicitly has an 'any' type.
src/app/(dashboard)/admin/mentors/[id]/page.tsx(30,42): error TS2339: Property 'filter' does not exist on type 'Promise<ServiceLog[]>'.
src/app/(dashboard)/admin/mentors/[id]/page.tsx(30,49): error TS7006: Parameter 'l' implicitly has an 'any' type.
src/app/(dashboard)/admin/mentors/[id]/page.tsx(33,45): error TS7006: Parameter 'l' implicitly has an 'any' type.
src/app/(dashboard)/admin/mentors/[id]/page.tsx(34,44): error TS7006: Parameter 'l' implicitly has an 'any' type.
src/app/(dashboard)/admin/mentors/[id]/page.tsx(37,46): error TS7006: Parameter 'a' implicitly has an 'any' type.
src/app/(dashboard)/admin/mentors/[id]/page.tsx(38,34): error TS2339: Property 'find' does not exist on type 'Promise<Student[]>'.
src/app/(dashboard)/admin/mentors/[id]/page.tsx(38,39): error TS7006: Parameter 's' implicitly has an 'any' type.
src/app/(dashboard)/admin/mentors/[id]/page.tsx(39,48): error TS7006: Parameter 'l' implicitly has an 'any' type.
src/app/(dashboard)/admin/mentors/[id]/page.tsx(50,47): error TS7006: Parameter 'l' implicitly has an 'any' type.
src/app/(dashboard)/admin/mentors/[id]/page.tsx(52,15): error TS7006: Parameter 's' implicitly has an 'any' type.
src/app/(dashboard)/admin/mentors/[id]/page.tsx(55,48): error TS7006: Parameter 'sum' implicitly has an 'any' type.
src/app/(dashboard)/admin/mentors/[id]/page.tsx(55,53): error TS7006: Parameter 'log' implicitly has an 'any' type.
src/app/(dashboard)/admin/mentors/[id]/page.tsx(56,42): error TS2339: Property 'find' does not exist on type 'Promise<ServiceType[]>'.
src/app/(dashboard)/admin/mentors/[id]/page.tsx(56,47): error TS7006: Parameter 't' implicitly has an 'any' type.
src/app/(dashboard)/admin/mentors/[id]/page.tsx(72,20): error TS2339: Property 'id' does not exist on type 'Promise<User | null>'.
src/app/(dashboard)/admin/mentors/[id]/page.tsx(73,27): error TS2339: Property 'firstName' does not exist on type 'Promise<User | null>'.
src/app/(dashboard)/admin/mentors/[id]/page.tsx(74,26): error TS2339: Property 'lastName' does not exist on type 'Promise<User | null>'.
src/app/(dashboard)/admin/mentors/[id]/page.tsx(75,26): error TS2339: Property 'username' does not exist on type 'Promise<User | null>'.
src/app/(dashboard)/admin/mentors/[id]/page.tsx(76,23): error TS2339: Property 'email' does not exist on type 'Promise<User | null>'.
src/app/(dashboard)/admin/mentors/[id]/page.tsx(77,23): error TS2339: Property 'phone' does not exist on type 'Promise<User | null>'.
src/app/(dashboard)/admin/mentors/[id]/page.tsx(78,26): error TS2339: Property 'password' does not exist on type 'Promise<User | null>'.
src/app/(dashboard)/admin/mentors/[id]/page.tsx(79,27): error TS2339: Property 'createdAt' does not exist on type 'Promise<User | null>'.
src/app/(dashboard)/admin/mentors/[id]/page.tsx(83,45): error TS7006: Parameter 'log' implicitly has an 'any' type.
src/app/(dashboard)/admin/mentors/[id]/page.tsx(92,43): error TS2339: Property 'map' does not exist on type 'Promise<ServiceType[]>'.
src/app/(dashboard)/admin/mentors/[id]/page.tsx(92,47): error TS7006: Parameter 'st' implicitly has an 'any' type.
src/app/(dashboard)/admin/mentors/[id]/page.tsx(99,35): error TS2339: Property 'map' does not exist on type 'Promise<Student[]>'.
src/app/(dashboard)/admin/mentors/[id]/page.tsx(99,39): error TS7006: Parameter 's' implicitly has an 'any' type.
src/app/(dashboard)/admin/students/[id]/edit/page.tsx(9,51): error TS2339: Property 'sort' does not exist on type 'Promise<University[]>'.
src/app/(dashboard)/admin/students/[id]/edit/page.tsx(9,57): error TS7006: Parameter 'a' implicitly has an 'any' type.
src/app/(dashboard)/admin/students/[id]/edit/page.tsx(9,60): error TS7006: Parameter 'b' implicitly has an 'any' type.
src/app/(dashboard)/admin/students/[id]/edit/page.tsx(25,13): error TS2740: Type 'Promise<BranchStudent | null>' is missing the following properties from type 'BranchStudent': id, branchCode, firstName, lastName, and 3 more.
src/app/(dashboard)/admin/students/[id]/page.tsx(41,73): error TS2339: Property 'name' does not exist on type 'Promise<University>'.
src/app/(dashboard)/admin/students/[id]/page.tsx(45,49): error TS2339: Property 'filter' does not exist on type 'Promise<MentorAssignment[]>'.
src/app/(dashboard)/admin/students/[id]/page.tsx(45,56): error TS7006: Parameter 'a' implicitly has an 'any' type.
src/app/(dashboard)/admin/students/[id]/page.tsx(46,39): error TS2339: Property 'filter' does not exist on type 'Promise<User[]>'.
src/app/(dashboard)/admin/students/[id]/page.tsx(46,46): error TS7006: Parameter 'u' implicitly has an 'any' type.
src/app/(dashboard)/admin/students/[id]/page.tsx(47,42): error TS2339: Property 'filter' does not exist on type 'Promise<ServiceLog[]>'.
src/app/(dashboard)/admin/students/[id]/page.tsx(47,49): error TS7006: Parameter 'l' implicitly has an 'any' type.
src/app/(dashboard)/admin/students/[id]/page.tsx(50,45): error TS7006: Parameter 'l' implicitly has an 'any' type.
src/app/(dashboard)/admin/students/[id]/page.tsx(51,44): error TS7006: Parameter 'l' implicitly has an 'any' type.
src/app/(dashboard)/admin/students/[id]/page.tsx(52,45): error TS7006: Parameter 'l' implicitly has an 'any' type.
src/app/(dashboard)/admin/students/[id]/page.tsx(57,45): error TS7006: Parameter 'sum' implicitly has an 'any' type.
src/app/(dashboard)/admin/students/[id]/page.tsx(57,50): error TS7006: Parameter 'log' implicitly has an 'any' type.
src/app/(dashboard)/admin/students/[id]/page.tsx(58,42): error TS2339: Property 'find' does not exist on type 'Promise<ServiceType[]>'.
src/app/(dashboard)/admin/students/[id]/page.tsx(58,47): error TS7006: Parameter 't' implicitly has an 'any' type.
src/app/(dashboard)/admin/students/[id]/page.tsx(287,42): error TS7006: Parameter 'assign' implicitly has an 'any' type.
src/app/(dashboard)/admin/students/[id]/page.tsx(311,54): error TS2339: Property 'firstName' does not exist on type 'Promise<User | null>'.
src/app/(dashboard)/admin/students/[id]/page.tsx(311,76): error TS2339: Property 'lastName' does not exist on type 'Promise<User | null>'.
src/app/(dashboard)/admin/students/[id]/page.tsx(314,103): error TS2339: Property 'firstName' does not exist on type 'Promise<User | null>'.
src/app/(dashboard)/admin/students/[id]/page.tsx(314,123): error TS2339: Property 'lastName' does not exist on type 'Promise<User | null>'.
src/app/(dashboard)/admin/students/[id]/page.tsx(351,55): error TS7006: Parameter 'm' implicitly has an 'any' type.
src/app/(dashboard)/admin/students/[id]/page.tsx(381,55): error TS7006: Parameter 'log' implicitly has an 'any' type.
src/app/(dashboard)/admin/students/[id]/page.tsx(382,62): error TS2339: Property 'find' does not exist on type 'Promise<ServiceType[]>'.
src/app/(dashboard)/admin/students/[id]/page.tsx(382,67): error TS7006: Parameter 't' implicitly has an 'any' type.
src/app/(dashboard)/admin/students/[id]/page.tsx(399,54): error TS2339: Property 'firstName' does not exist on type 'Promise<User | null>'.
src/app/(dashboard)/admin/students/[id]/page.tsx(399,74): error TS2339: Property 'lastName' does not exist on type 'Promise<User | null>'.
src/app/(dashboard)/technical/tickets/new/page.tsx(14,37): error TS2339: Property 'map' does not exist on type 'Promise<User[]>'.
src/app/(dashboard)/technical/tickets/new/page.tsx(14,44): error TS7031: Binding element 'password' implicitly has an 'any' type.
src/app/api/branch/students/route.ts(46,59): error TS2345: Argument of type '{ id: string; createdAt: string; }' is not assignable to parameter of type 'BranchStudent'.
  Type '{ id: string; createdAt: string; }' is missing the following properties from type 'BranchStudent': branchCode, firstName, lastName, status, registrationDate
